[dart.dev/index.html]
[www.googletagmanager.com/gtm4a44.js]
[backblue.gif]
[fade.gif]
[index.html]
[dart.dev/assets/img/logo/dart-64.png]
[dart.dev/assets/img/touch-icon-iphone.png]
[dart.dev/assets/img/touch-icon-ipad.png]
[dart.dev/assets/img/touch-icon-iphone-retina.png]
[dart.dev/assets/img/touch-icon-ipad-retina.png]
[dart.dev/assets/css/main.css]
[cdnjs.cloudflare.com/ajax/libs/jquery/3.7.0/jquery.min.js]
[cdnjs.cloudflare.com/ajax/libs/bootstrap/4.6.2/js/bootstrap.min.js]
[cdnjs.cloudflare.com/ajax/libs/js-cookie/3.0.5/js.cookie.min.js]
[dart.dev/assets/js/os-tabs.js]
[dart.dev/assets/js/utilities.js]
[dart.dev/assets/js/main.js]
[www.google-analytics.com/analytics.js]
[dart.dev/assets/img/logo/logo-white-text.svg]
[dart.dev/overview.html]
[dart.dev/guides.html]
[dart.dev/community.html]
[dart.dev/get-dart.html]
[dart.dev/language.html]
[dart.dev/language/variables.html]
[dart.dev/language/operators.html]
[dart.dev/language/comments.html]
[dart.dev/language/metadata.html]
[dart.dev/language/libraries.html]
[dart.dev/language/keywords.html]
[dart.dev/language/built-in-types.html]
[dart.dev/language/records.html]
[dart.dev/language/collections.html]
[dart.dev/language/generics.html]
[dart.dev/language/typedefs.html]
[dart.dev/language/type-system.html]
[dart.dev/language/patterns.html]
[dart.dev/language/pattern-types.html]
[dart.dev/language/functions.html]
[dart.dev/language/loops.html]
[dart.dev/language/branches.html]
[dart.dev/language/error-handling.html]
[dart.dev/language/classes.html]
[dart.dev/language/constructors.html]
[dart.dev/language/methods.html]
[dart.dev/language/extend.html]
[dart.dev/language/mixins.html]
[dart.dev/language/enums.html]
[dart.dev/language/extension-methods.html]
[dart.dev/language/extension-types.html]
[dart.dev/language/callable-objects.html]
[dart.dev/language/class-modifiers.html]
[dart.dev/language/class-modifiers-for-apis.html]
[dart.dev/language/modifier-reference.html]
[dart.dev/language/concurrency.html]
[dart.dev/language/async.html]
[dart.dev/language/isolates.html]
[dart.dev/null-safety.html]
[dart.dev/null-safety/migration-guide.html]
[dart.dev/null-safety/understanding-null-safety.html]
[dart.dev/null-safety/unsound-null-safety.html]
[dart.dev/null-safety/faq.html]
[dart.dev/libraries.html]
[dart.dev/libraries/dart-core.html]
[dart.dev/libraries/dart-async.html]
[dart.dev/libraries/dart-math.html]
[dart.dev/libraries/dart-convert.html]
[dart.dev/libraries/dart-io.html]
[dart.dev/libraries/dart-html.html]
[dart.dev/libraries/collections/iterables.html]
[dart.dev/libraries/async/async-await.html]
[dart.dev/libraries/async/futures-error-handling.html]
[dart.dev/libraries/async/using-streams.html]
[dart.dev/libraries/async/creating-streams.html]
[dart.dev/effective-dart.html]
[dart.dev/effective-dart/style.html]
[dart.dev/effective-dart/documentation.html]
[dart.dev/effective-dart/usage.html]
[dart.dev/effective-dart/design.html]
[dart.dev/tools/pub/packages.html]
[dart.dev/resources/useful-packages.html]
[dart.dev/tools/pub/create-packages.html]
[dart.dev/tools/pub/publishing.html]
[dart.dev/tools/pub/writing-package-pages.html]
[dart.dev/tools/pub/workspaces.html]
[dart.dev/tools/pub/dependencies.html]
[dart.dev/tools/pub/glossary.html]
[dart.dev/tools/pub/package-layout.html]
[dart.dev/tools/pub/environment-variables.html]
[dart.dev/tools/pub/pubspec.html]
[dart.dev/tools/pub/troubleshoot.html]
[dart.dev/tools/pub/verified-publishers.html]
[dart.dev/tools/pub/security-advisories.html]
[dart.dev/tools/pub/versioning.html]
[dart.dev/tools/pub/custom-package-repositories.html]
[dart.dev/tools/pub/private-files.html]
[dart.dev/guides/json.html]
[dart.dev/resources/language/number-representation.html]
[dart.dev/resources/google-apis.html]
[dart.dev/multiplatform-apps.html]
[dart.dev/server.html]
[dart.dev/tutorials/server/get-started.html]
[dart.dev/tutorials/server/cmdline.html]
[dart.dev/tutorials/server/fetch-data.html]
[dart.dev/tutorials/server/httpserver.html]
[dart.dev/server/libraries.html]
[dart.dev/server/google-cloud.html]
[dart.dev/web.html]
[dart.dev/web/get-started.html]
[dart.dev/web/deployment.html]
[dart.dev/web/libraries.html]
[dart.dev/web/wasm.html]
[dart.dev/guides/environment-declarations.html]
[dart.dev/interop/c-interop.html]
[dart.dev/interop/objective-c-interop.html]
[dart.dev/interop/java-interop.html]
[dart.dev/interop/js-interop.html]
[dart.dev/interop/js-interop/usage.html]
[dart.dev/interop/js-interop/js-types.html]
[dart.dev/interop/js-interop/tutorials.html]
[dart.dev/interop/js-interop/past-js-interop.html]
[dart.dev/interop/js-interop/package-web.html]
[dart.dev/tools.html]
[dart.dev/tools/jetbrains-plugin.html]
[dart.dev/tools/vs-code.html]
[dart.dev/tools/dart-devtools.html]
[dart.dev/tools/dartpad.html]
[dart.dev/tools/dartpad/troubleshoot.html]
[dart.dev/tools/sdk.html]
[dart.dev/tools/dart-tool.html]
[dart.dev/tools/dart-analyze.html]
[dart.dev/tools/dart-compile.html]
[dart.dev/tools/dart-create.html]
[dart.dev/tools/dart-doc.html]
[dart.dev/tools/dart-fix.html]
[dart.dev/tools/dart-format.html]
[dart.dev/tools/dart-info.html]
[dart.dev/tools/pub/cmd.html]
[dart.dev/tools/dart-run.html]
[dart.dev/tools/dart-test.html]
[dart.dev/tools/dartaotruntime.html]
[dart.dev/tools/experiment-flags.html]
[dart.dev/tools/build_runner.html]
[dart.dev/tools/webdev.html]
[dart.dev/tools/analysis.html]
[dart.dev/deprecated/sound-problems.html]
[dart.dev/tools/non-promotion-reasons.html]
[dart.dev/tools/linter-rules.html]
[dart.dev/tools/diagnostic-messages.html]
[dart.dev/guides/testing.html]
[dart.dev/web/debugging.html]
[dart.dev/resources/dart-cheatsheet.html]
[dart.dev/resources/breaking-changes.html]
[dart.dev/resources/language/evolution.html]
[dart.dev/resources/language/spec.html]
[dart.dev/resources/dart-3-migration.html]
[dart.dev/resources/coming-from/js-to-dart.html]
[dart.dev/resources/coming-from/swift-to-dart.html]
[dart.dev/resources/faq.html]
[dart.dev/resources/glossary.html]
[dart.dev/resources/books.html]
[dart.dev/resources/videos.html]
[dart.dev/tutorials.html]
[dart.dev/assets/dash/video/hotreload.webm]
[dart.dev/assets/dash/video/hotreload.mp4]
[dart.dev/assets/dash/2x/paint-your-ui.png]
[dart.dev/assets/dash/2x/supported-by-google.png]
[dart.dev/assets/img/social/github.svg]
[dart.dev/assets/dash/2x/multiplatform-performance-light-op1.png]
[dart.dev/assets/dash/2x/client-optimized-light-op1.png]
[dart.dev/assets/dash/2x/productive-dev-light-op1.png]
[dart.dev/assets/dash/svg/1-1-async-await.svg]
[dart.dev/assets/dash/svg/1-2-language-optimized.svg]
[dart.dev/assets/dash/svg/1-3-familiar-syntax.svg]
[dart.dev/assets/dash/svg/2-1-hot-reload-iterative-changes.svg]
[dart.dev/assets/dash/svg/2-2-flexible-type.svg]
[dart.dev/assets/dash/svg/2-3-runtime-insight.svg]
[dart.dev/assets/dash/svg/3-1-aot-compile.svg]
[dart.dev/assets/dash/svg/3-2-target-web.svg]
[dart.dev/assets/dash/svg/3-3-backend-code.svg]
[dart.dev/assets/img/social/medium.svg]
[dart.dev/assets/img/social/x.svg]
[dart.dev/terms.html]
[dart.dev/security.html]
[dart.dev/index.html]
[dart.dev/assets/img/404-bg-pattern.jpg]
[dart.dev/assets/css/main.css]
[dart.dev/assets/img/logo/logo-white-text.svg]
[dart.dev/assets/js/inject_dartpad.js]
[dart.dev/assets/img/logo_lockup_dart_horizontal.png]
[dart.dev/overview.html]
[dart.dev/assets/img/Dart-platforms.svg]
[dart.dev/guides.html]
[dart.dev/resources/whats-new.html]
[dart.dev/community/code-of-conduct.html]
[dart.dev/community.html]
[dart.dev/assets/js/get-dart/install.js]
[dart.dev/get-dart/archive.html]
[dart.dev/get-dart.html]
[dart.dev/language.html]
[dart.dev/language/variables.html]
[dart.dev/language/operators.html]
[dart.dev/language/comments.html]
[dart.dev/tools/linter-rules/provide_deprecation_message.html]
[dart.dev/language/metadata.html]
[dart.dev/language/libraries.html]
[dart.dev/language/keywords.html]
[dart.dev/language/built-in-types.html]
[dart.dev/language/records.html]
[dart.dev/language/collections.html]
[dart.dev/language/generics.html]
[dart.dev/language/typedefs.html]
[dart.dev/assets/img/language/type-hierarchy.png]
[dart.dev/assets/img/language/type-hierarchy-generics.png]
[dart.dev/assets/img/language/consumer-producer-methods.png]
[dart.dev/language/type-system.html]
[dart.dev/language/patterns.html]
[dart.dev/language/pattern-types.html]
[dart.dev/language/functions.html]
[dart.dev/language/loops.html]
[dart.dev/language/branches.html]
[dart.dev/language/error-handling.html]
[dart.dev/language/classes.html]
[dart.dev/language/constructors.html]
[dart.dev/language/methods.html]
[dart.dev/language/extend.html]
[dart.dev/language/mixins.html]
[dart.dev/language/enums.html]
[dart.dev/language/extension-methods.html]
[dart.dev/tools/linter-rules/annotate_redeclares.html]
[dart.dev/language/extension-types.html]
[dart.dev/language/callable-objects.html]
[dart.dev/language/class-modifiers.html]
[dart.dev/language/class-modifiers-for-apis.html]
[dart.dev/language/modifier-reference.html]
[dart.dev/assets/img/language/concurrency/event-loop.png]
[dart.dev/assets/img/language/concurrency/async-event-loop.png]
[dart.dev/assets/img/language/concurrency/basics-await.png]
[dart.dev/assets/img/language/concurrency/basics-main-isolate.png]
[dart.dev/assets/img/language/concurrency/basics-isolate.png]
[dart.dev/assets/img/language/concurrency/event-jank.png]
[dart.dev/language/concurrency.html]
[dart.dev/assets/img/language/concurrency/isolate-bg-worker.png]
[dart.dev/tools/linter-rules/unawaited_futures.html]
[dart.dev/language/async.html]
[dart.dev/assets/img/language/concurrency/ports-setup.png]
[dart.dev/language/isolates.html]
[dart.dev/null-safety.html]
[dart.dev/assets/img/language/concurrency/ports-passing-messages.png]
[dart.dev/assets/img/null-safety/null-safety-migration-order.png]
[dart.dev/assets/img/null-safety/pub-outdated-output.png]
[dart.dev/null-safety/migration-guide.html]
[dart.dev/assets/img/null-safety/migration-tool.png]
[dart.dev/assets/img/null-safety/understanding-null-safety/hierarchy-before.png]
[dart.dev/assets/img/null-safety/understanding-null-safety/hierarchy-after.png]
[dart.dev/assets/img/null-safety/understanding-null-safety/nullable-hierarchy.png]
[dart.dev/assets/img/null-safety/understanding-null-safety/bifurcate.png]
[dart.dev/assets/img/null-safety/understanding-null-safety/top-and-bottom.png]
[dart.dev/null-safety/understanding-null-safety.html]
[dart.dev/assets/img/null-safety/migration-tool-incremental.png]
[dart.dev/null-safety/unsound-null-safety.html]
[dart.dev/null-safety/faq.html]
[dart.dev/libraries.html]
[dart.dev/libraries/dart-core.html]
[dart.dev/libraries/dart-async.html]
[dart.dev/libraries/dart-math.html]
[dart.dev/libraries/dart-convert.html]
[dart.dev/libraries/dart-io.html]
[dart.dev/libraries/dart-html.html]
[dart.dev/libraries/collections/iterables.html]
[dart.dev/tools/linter-rules/discarded_futures.html]
[dart.dev/libraries/async/async-await.html]
[dart.dev/libraries/async/futures-error-handling.html]
[dart.dev/libraries/async/using-streams.html]
[dart.dev/libraries/async/creating-streams.html]
[dart.dev/tools/linter-rules/unnecessary_getters_setters.html]
[dart.dev/effective-dart.html]
[dart.dev/tools/linter-rules/camel_case_types.html]
[dart.dev/tools/linter-rules/camel_case_extensions.html]
[dart.dev/tools/linter-rules/file_names.html]
[dart.dev/tools/linter-rules/package_names.html]
[dart.dev/tools/linter-rules/library_prefixes.html]
[dart.dev/tools/linter-rules/non_constant_identifier_names.html]
[dart.dev/tools/linter-rules/constant_identifier_names.html]
[dart.dev/tools/linter-rules/directives_ordering.html]
[dart.dev/tools/linter-rules/lines_longer_than_80_chars.html]
[dart.dev/tools/linter-rules/curly_braces_in_flow_control_structures.html]
[dart.dev/effective-dart/style.html]
[dart.dev/tools/linter-rules/slash_for_doc_comments.html]
[dart.dev/tools/linter-rules/public_member_api_docs.html]
[dart.dev/tools/linter-rules/comment_references.html]
[dart.dev/effective-dart/documentation.html]
[dart.dev/tools/linter-rules/use_string_in_part_of_directives.html]
[dart.dev/tools/linter-rules/implementation_imports.html]
[dart.dev/tools/linter-rules/avoid_relative_lib_imports.html]
[dart.dev/tools/linter-rules/prefer_relative_imports.html]
[dart.dev/tools/linter-rules/avoid_init_to_null.html]
[dart.dev/tools/linter-rules/prefer_adjacent_string_concatenation.html]
[dart.dev/tools/linter-rules/prefer_interpolation_to_compose_strings.html]
[dart.dev/tools/linter-rules/unnecessary_brace_in_string_interps.html]
[dart.dev/tools/linter-rules/prefer_collection_literals.html]
[dart.dev/tools/linter-rules/prefer_is_empty.html]
[dart.dev/tools/linter-rules/prefer_is_not_empty.html]
[dart.dev/tools/linter-rules/avoid_function_literals_in_foreach_calls.html]
[dart.dev/tools/linter-rules/prefer_iterable_whereType.html]
[dart.dev/tools/linter-rules/prefer_function_declarations_over_variables.html]
[dart.dev/tools/linter-rules/unnecessary_lambdas.html]
[dart.dev/tools/linter-rules/prefer_expression_function_bodies.html]
[dart.dev/tools/linter-rules/unnecessary_this.html]
[dart.dev/tools/linter-rules/prefer_initializing_formals.html]
[dart.dev/tools/linter-rules/empty_constructor_bodies.html]
[dart.dev/tools/linter-rules/unnecessary_new.html]
[dart.dev/tools/linter-rules/unnecessary_const.html]
[dart.dev/tools/linter-rules/avoid_catches_without_on_clauses.html]
[dart.dev/tools/linter-rules/avoid_catching_errors.html]
[dart.dev/tools/linter-rules/use_rethrow_when_possible.html]
[dart.dev/effective-dart/usage.html]
[dart.dev/tools/linter-rules/use_to_and_as_if_applicable.html]
[dart.dev/tools/linter-rules/one_member_abstracts.html]
[dart.dev/tools/linter-rules/avoid_classes_with_only_static_members.html]
[dart.dev/tools/linter-rules/prefer_mixin.html]
[dart.dev/tools/linter-rules/prefer_final_fields.html]
[dart.dev/tools/linter-rules/use_setters_to_change_properties.html]
[dart.dev/tools/linter-rules/avoid_setters_without_getters.html]
[dart.dev/tools/linter-rules/avoid_returning_this.html]
[dart.dev/tools/linter-rules/prefer_typing_uninitialized_variables.html]
[dart.dev/tools/linter-rules/type_annotate_public_apis.html]
[dart.dev/tools/linter-rules/omit_local_variable_types.html]
[dart.dev/tools/linter-rules/avoid_types_on_closure_parameters.html]
[dart.dev/tools/linter-rules/type_init_formals.html]
[dart.dev/tools/linter-rules/avoid_return_types_on_setters.html]
[dart.dev/tools/linter-rules/prefer_generic_function_type_aliases.html]
[dart.dev/tools/linter-rules/avoid_private_typedef_functions.html]
[dart.dev/tools/linter-rules/use_function_type_syntax_for_parameters.html]
[dart.dev/tools/linter-rules/avoid_positional_boolean_parameters.html]
[dart.dev/tools/linter-rules/hash_and_equals.html]
[dart.dev/tools/linter-rules/avoid_equals_and_hash_code_on_mutable_classes.html]
[dart.dev/tools/linter-rules/avoid_null_checks_in_equality_operators.html]
[dart.dev/effective-dart/design.html]
[dart.dev/tools/pub/cmd/pub-get.html]
[dart.dev/tools/pub/cmd/pub-upgrade.html]
[dart.dev/tools/pub/cmd/pub-outdated.html]
[dart.dev/tools/pub/cmd/pub-add.html]
[dart.dev/tools/pub/cmd/pub-cache.html]
[dart.dev/tools/pub/cmd/pub-deps.html]
[dart.dev/tools/pub/cmd/pub-downgrade.html]
[dart.dev/tools/pub/cmd/pub-global.html]
[dart.dev/tools/pub/cmd/pub-lish.html]
[dart.dev/tools/pub/cmd/pub-remove.html]
[dart.dev/tools/pub/cmd/pub-token.html]
[dart.dev/tools/pub/cmd/pub-unpack.html]
[dart.dev/tools/pub/packages.html]
[dart.dev/resources/useful-packages.html]
[dart.dev/assets/img/libraries/simple-lib2.png]
[dart.dev/assets/img/libraries/shelf.png]
[dart.dev/assets/img/libraries/import-lib-rules.png]
[dart.dev/tools/pub/create-packages.html]
[dart.dev/assets/img/verified-publisher.svg]
[dart.dev/tools/pub/automated-publishing.html]
[dart.dev/tools/pub/publishing.html]
[dart.dev/assets/img/tools/pub/preview-version.png]
[dart.dev/assets/img/libraries/package-page-sections.png]
[dart.dev/assets/img/libraries/package-page-description.png]
[dart.dev/assets/img/libraries/package-page-example-iap.png]
[dart.dev/assets/img/libraries/package-page-features-list.png]
[dart.dev/assets/img/libraries/package-page-features-table.png]
[dart.dev/assets/img/libraries/package-page-list-property.png]
[dart.dev/assets/img/libraries/package-page-list-requirements.png]
[dart.dev/assets/img/libraries/package-page-list-subsections.png]
[dart.dev/assets/img/libraries/package-page-usage-example.png]
[dart.dev/assets/img/libraries/package-page-terms.png]
[dart.dev/assets/img/libraries/package-page-terms-definition.png]
[dart.dev/assets/img/libraries/package-page-terms-consistent.png]
[dart.dev/tools/pub/writing-package-pages.html]
[dart.dev/tools/pub/workspaces.html]
[dart.dev/tools/pub/dependencies.html]
[dart.dev/tools/pub/glossary.html]
[dart.dev/assets/img/libraries/package-page-contribute.png]
[dart.dev/tools/pub/package-layout.html]
[dart.dev/tools/pub/environment-variables.html]
[dart.dev/tools/pub/pubspec.html]
[dart.dev/tools/pub/troubleshoot.html]
[dart.dev/tools/pub/verified-publishers.html]
[dart.dev/tools/pub/security-advisories.html]
[dart.dev/assets/img/tools/pub/PubConstraintsDiagram.png]
[dart.dev/assets/img/tools/pub/PubExportedConstraints.png]
[dart.dev/tools/pub/versioning.html]
[dart.dev/assets/img/tools/cloudsmith.svg]
[dart.dev/assets/img/tools/proget.svg]
[dart.dev/assets/img/tools/jfrog.svg]
[dart.dev/assets/img/tools/onepub.svg]
[dart.dev/tools/pub/custom-package-repositories.html]
[dart.dev/tools/pub/private-files.html]
[dart.dev/guides/json.html]
[dart.dev/assets/img/number-class-hierarchy.svg]
[dart.dev/assets/img/number-platform-specific.svg]
[dart.dev/resources/language/number-representation.html]
[dart.dev/resources/google-apis.html]
[dart.dev/assets/img/logo/flutter-64.png]
[dart.dev/multiplatform-apps.html]
[dart.dev/server.html]
[dart.dev/assets/img/multiplat.png]
[dart.dev/tutorials/server.html]
[dart.dev/tutorials/server/get-started.html]
[dart.dev/assets/img/tutorials/server/dcat-dart-run.svg]
[dart.dev/tutorials/server/cmdline.html]
[dart.dev/f/packages/http.json]
[dart.dev/tutorials/server/fetch-data.html]
[dart.dev/tutorials/server/httpserver.html]
[dart.dev/server/libraries.html]
[dart.dev/server/google-cloud.html]
[dart.dev/web.html]
[dart.dev/assets/img/flutter-gallery.jpg]
[dart.dev/assets/img/bare-bones-web-app.png]
[dart.dev/web/get-started.html]
[dart.dev/web/deployment.html]
[dart.dev/web/libraries.html]
[dart.dev/web/wasm.html]
[dart.dev/assets/img/bare-bones-todo.png]
[dart.dev/assets/img/env-decl-jetbrains.png]
[dart.dev/guides/environment-declarations.html]
[dart.dev/interop/c-interop.html]
[dart.dev/interop/objective-c-interop.html]
[dart.dev/interop/java-interop.html]
[dart.dev/interop/js-interop/mock]
[dart.dev/interop/js-interop.html]
[dart.dev/interop/js-interop/usage.html]
[dart.dev/interop/js-interop/js-types.html]
[dart.dev/interop/js-interop/tutorials.html]
[dart.dev/interop/js-interop/past-js-interop.html]
[dart.dev/libraries/async/zones.html]
[dart.dev/interop/js-interop/package-web.html]
[dart.dev/assets/img/dartpad-hello.png]
[dart.dev/assets/img/tools/android_studio.svg]
[dart.dev/assets/img/tools/intellij-idea.svg]
[dart.dev/assets/img/tools/vscode.svg]
[dart.dev/assets/img/tools/emacs.png]
[dart.dev/assets/img/tools/vim.png]
[dart.dev/assets/img/tools/eclipse-logo.png]
[dart.dev/tools.html]
[dart.dev/tools/jetbrains-plugin.html]
[dart.dev/tools/vs-code.html]
[dart.dev/tools/dart-devtools.html]
[dart.dev/tools/dartpad.html]
[dart.dev/tools/dartpad/troubleshoot.html]
[dart.dev/tools/sdk.html]
[dart.dev/tools/dart-tool.html]
[dart.dev/tools/dart-analyze.html]
[dart.dev/assets/img/tools/devtools.png]
[dart.dev/tools/dart-compile.html]
[dart.dev/tools/dart-create.html]
[dart.dev/tools/dart-doc.html]
[dart.dev/tools/dart-fix.html]
[dart.dev/tools/dart-format.html]
[dart.dev/tools/dart-info.html]
[dart.dev/tools/pub/cmd.html]
[dart.dev/tools/dart-run.html]
[dart.dev/tools/dart-test.html]
[dart.dev/tools/dartaotruntime.html]
[dart.dev/tools/experiment-flags.html]
[dart.dev/tools/build_runner.html]
[dart.dev/tools/webdev.html]
[dart.dev/assets/img/tools/vscode/dart_fix_notification.png]
[dart.dev/assets/img/guides/analysis-options-directory-structure.png]
[dart.dev/tools/linter-rules/sort_pub_dependencies.html]
[dart.dev/tools/analysis.html]
[dart.dev/deprecated/sound-problems.html]
[dart.dev/tools/non-promotion-reasons.html]
[dart.dev/tools/linter-rules/all.html]
[dart.dev/tools/linter-rules/always_declare_return_types.html]
[dart.dev/assets/img/tools/linter/has-fix.svg]
[dart.dev/tools/linter-rules/always_put_control_body_on_new_line.html]
[dart.dev/tools/linter-rules/always_put_required_named_parameters_first.html]
[dart.dev/tools/linter-rules/always_require_non_null_named_parameters.html]
[dart.dev/tools/linter-rules/always_specify_types.html]
[dart.dev/tools/linter-rules/always_use_package_imports.html]
[dart.dev/tools/linter-rules/annotate_overrides.html]
[dart.dev/assets/img/tools/linter/style-recommended.svg]
[dart.dev/assets/img/tools/linter/style-flutter.svg]
[dart.dev/tools/linter-rules/avoid_annotating_with_dynamic.html]
[dart.dev/tools/linter-rules/avoid_as.html]
[dart.dev/tools/linter-rules/avoid_bool_literals_in_conditional_expressions.html]
[dart.dev/tools/linter-rules/avoid_double_and_int_checks.html]
[dart.dev/tools/linter-rules/avoid_dynamic_calls.html]
[dart.dev/tools/linter-rules/avoid_empty_else.html]
[dart.dev/assets/img/tools/linter/style-core.svg]
[dart.dev/tools/linter-rules/avoid_escaping_inner_quotes.html]
[dart.dev/tools/linter-rules/avoid_field_initializers_in_const_classes.html]
[dart.dev/tools/linter-rules/avoid_final_parameters.html]
[dart.dev/tools/linter-rules/avoid_futureor_void.html]
[dart.dev/tools/linter-rules/avoid_implementing_value_types.html]
[dart.dev/tools/linter-rules/avoid_js_rounded_ints.html]
[dart.dev/tools/linter-rules/avoid_multiple_declarations_per_line.html]
[dart.dev/tools/linter-rules/avoid_print.html]
[dart.dev/tools/linter-rules/avoid_redundant_argument_values.html]
[dart.dev/tools/linter-rules/avoid_renaming_method_parameters.html]
[dart.dev/tools/linter-rules/avoid_returning_null.html]
[dart.dev/tools/linter-rules/avoid_returning_null_for_future.html]
[dart.dev/tools/linter-rules/avoid_returning_null_for_void.html]
[dart.dev/tools/linter-rules/avoid_shadowing_type_parameters.html]
[dart.dev/tools/linter-rules/avoid_single_cascade_in_expression_statements.html]
[dart.dev/tools/linter-rules/avoid_slow_async_io.html]
[dart.dev/tools/linter-rules/avoid_type_to_string.html]
[dart.dev/tools/linter-rules/avoid_types_as_parameter_names.html]
[dart.dev/tools/linter-rules/avoid_unnecessary_containers.html]
[dart.dev/tools/linter-rules/avoid_unstable_final_fields.html]
[dart.dev/tools/linter-rules/avoid_unused_constructor_parameters.html]
[dart.dev/tools/linter-rules/avoid_void_async.html]
[dart.dev/tools/linter-rules/avoid_web_libraries_in_flutter.html]
[dart.dev/tools/linter-rules/await_only_futures.html]
[dart.dev/tools/linter-rules/cancel_subscriptions.html]
[dart.dev/tools/linter-rules/cascade_invocations.html]
[dart.dev/tools/linter-rules/cast_nullable_to_non_nullable.html]
[dart.dev/tools/linter-rules/close_sinks.html]
[dart.dev/tools/linter-rules/collection_methods_unrelated_type.html]
[dart.dev/tools/linter-rules/combinators_ordering.html]
[dart.dev/tools/linter-rules/conditional_uri_does_not_exist.html]
[dart.dev/tools/linter-rules/control_flow_in_finally.html]
[dart.dev/tools/linter-rules/dangling_library_doc_comments.html]
[dart.dev/tools/linter-rules/depend_on_referenced_packages.html]
[dart.dev/tools/linter-rules/deprecated_consistency.html]
[dart.dev/tools/linter-rules/deprecated_member_use_from_same_package.html]
[dart.dev/tools/linter-rules/diagnostic_describe_all_properties.html]
[dart.dev/tools/linter-rules/do_not_use_environment.html]
[dart.dev/tools/linter-rules/document_ignores.html]
[dart.dev/tools/linter-rules/empty_catches.html]
[dart.dev/tools/linter-rules/empty_statements.html]
[dart.dev/tools/linter-rules/enable_null_safety.html]
[dart.dev/tools/linter-rules/eol_at_end_of_file.html]
[dart.dev/tools/linter-rules/exhaustive_cases.html]
[dart.dev/tools/linter-rules/flutter_style_todos.html]
[dart.dev/tools/linter-rules/implicit_call_tearoffs.html]
[dart.dev/tools/linter-rules/implicit_reopen.html]
[dart.dev/tools/linter-rules/invalid_case_patterns.html]
[dart.dev/tools/linter-rules/invalid_runtime_check_with_js_interop_types.html]
[dart.dev/tools/linter-rules/invariant_booleans.html]
[dart.dev/tools/linter-rules/iterable_contains_unrelated_type.html]
[dart.dev/tools/linter-rules/join_return_with_assignment.html]
[dart.dev/tools/linter-rules/leading_newlines_in_multiline_strings.html]
[dart.dev/tools/linter-rules/library_annotations.html]
[dart.dev/tools/linter-rules/library_names.html]
[dart.dev/tools/linter-rules/library_private_types_in_public_api.html]
[dart.dev/tools/linter-rules/list_remove_unrelated_type.html]
[dart.dev/tools/linter-rules/literal_only_boolean_expressions.html]
[dart.dev/tools/linter-rules/matching_super_parameters.html]
[dart.dev/tools/linter-rules/missing_code_block_language_in_doc_comment.html]
[dart.dev/tools/linter-rules/missing_whitespace_between_adjacent_strings.html]
[dart.dev/tools/linter-rules/no_adjacent_strings_in_list.html]
[dart.dev/tools/linter-rules/no_default_cases.html]
[dart.dev/tools/linter-rules/no_duplicate_case_values.html]
[dart.dev/tools/linter-rules/no_leading_underscores_for_library_prefixes.html]
[dart.dev/tools/linter-rules/no_leading_underscores_for_local_identifiers.html]
[dart.dev/tools/linter-rules/no_literal_bool_comparisons.html]
[dart.dev/tools/linter-rules/no_logic_in_create_state.html]
[dart.dev/tools/linter-rules/no_runtimeType_toString.html]
[dart.dev/tools/linter-rules/no_self_assignments.html]
[dart.dev/tools/linter-rules/no_wildcard_variable_uses.html]
[dart.dev/tools/linter-rules/noop_primitive_operations.html]
[dart.dev/tools/linter-rules/null_check_on_nullable_type_parameter.html]
[dart.dev/tools/linter-rules/null_closures.html]
[dart.dev/tools/linter-rules/omit_obvious_local_variable_types.html]
[dart.dev/tools/linter-rules/omit_obvious_property_types.html]
[dart.dev/tools/linter-rules/only_throw_errors.html]
[dart.dev/tools/linter-rules/overridden_fields.html]
[dart.dev/tools/linter-rules/package_api_docs.html]
[dart.dev/tools/linter-rules/package_prefixed_library_names.html]
[dart.dev/tools/linter-rules/parameter_assignments.html]
[dart.dev/tools/linter-rules/prefer_asserts_in_initializer_lists.html]
[dart.dev/tools/linter-rules/prefer_asserts_with_message.html]
[dart.dev/tools/linter-rules/prefer_bool_in_asserts.html]
[dart.dev/tools/linter-rules/prefer_conditional_assignment.html]
[dart.dev/tools/linter-rules/prefer_const_constructors.html]
[dart.dev/tools/linter-rules/prefer_const_constructors_in_immutables.html]
[dart.dev/tools/linter-rules/prefer_const_declarations.html]
[dart.dev/tools/linter-rules/prefer_const_literals_to_create_immutables.html]
[dart.dev/tools/linter-rules/prefer_constructors_over_static_methods.html]
[dart.dev/tools/linter-rules/prefer_contains.html]
[dart.dev/tools/linter-rules/prefer_double_quotes.html]
[dart.dev/tools/linter-rules/prefer_equal_for_default_values.html]
[dart.dev/tools/linter-rules/prefer_final_in_for_each.html]
[dart.dev/tools/linter-rules/prefer_final_locals.html]
[dart.dev/tools/linter-rules/prefer_final_parameters.html]
[dart.dev/tools/linter-rules/prefer_for_elements_to_map_fromIterable.html]
[dart.dev/tools/linter-rules/prefer_foreach.html]
[dart.dev/tools/linter-rules/prefer_if_elements_to_conditional_expressions.html]
[dart.dev/tools/linter-rules/prefer_if_null_operators.html]
[dart.dev/tools/linter-rules/prefer_inlined_adds.html]
[dart.dev/tools/linter-rules/prefer_int_literals.html]
[dart.dev/tools/linter-rules/prefer_is_not_operator.html]
[dart.dev/tools/linter-rules/prefer_null_aware_method_calls.html]
[dart.dev/tools/linter-rules/prefer_null_aware_operators.html]
[dart.dev/tools/linter-rules/prefer_single_quotes.html]
[dart.dev/tools/linter-rules/prefer_spread_collections.html]
[dart.dev/tools/linter-rules/prefer_void_to_null.html]
[dart.dev/tools/linter-rules/recursive_getters.html]
[dart.dev/tools/linter-rules/require_trailing_commas.html]
[dart.dev/tools/linter-rules/secure_pubspec_urls.html]
[dart.dev/tools/linter-rules/sized_box_for_whitespace.html]
[dart.dev/tools/linter-rules/sized_box_shrink_expand.html]
[dart.dev/tools/linter-rules/sort_child_properties_last.html]
[dart.dev/tools/linter-rules/sort_constructors_first.html]
[dart.dev/tools/linter-rules/sort_unnamed_constructors_first.html]
[dart.dev/tools/linter-rules/specify_nonobvious_local_variable_types.html]
[dart.dev/tools/linter-rules/specify_nonobvious_property_types.html]
[dart.dev/tools/linter-rules/super_goes_last.html]
[dart.dev/tools/linter-rules/test_types_in_equals.html]
[dart.dev/tools/linter-rules/throw_in_finally.html]
[dart.dev/tools/linter-rules/tighten_type_of_initializing_formals.html]
[dart.dev/tools/linter-rules/type_literal_in_constant_pattern.html]
[dart.dev/tools/linter-rules/unintended_html_in_doc_comment.html]
[dart.dev/tools/linter-rules/unnecessary_await_in_return.html]
[dart.dev/tools/linter-rules/unnecessary_breaks.html]
[dart.dev/tools/linter-rules/unnecessary_constructor_name.html]
[dart.dev/tools/linter-rules/unnecessary_final.html]
[dart.dev/tools/linter-rules/unnecessary_late.html]
[dart.dev/tools/linter-rules/unnecessary_library_directive.html]
[dart.dev/tools/linter-rules/unnecessary_library_name.html]
[dart.dev/tools/linter-rules/unnecessary_null_aware_assignments.html]
[dart.dev/tools/linter-rules/unnecessary_null_aware_operator_on_extension_on_nullable.html]
[dart.dev/tools/linter-rules/unnecessary_null_checks.html]
[dart.dev/tools/linter-rules/unnecessary_null_in_if_null_operators.html]
[dart.dev/tools/linter-rules/unnecessary_nullable_for_final_variable_declarations.html]
[dart.dev/tools/linter-rules/unnecessary_overrides.html]
[dart.dev/tools/linter-rules/unnecessary_parenthesis.html]
[dart.dev/tools/linter-rules/unnecessary_raw_strings.html]
[dart.dev/tools/linter-rules/unnecessary_statements.html]
[dart.dev/tools/linter-rules/unnecessary_string_escapes.html]
[dart.dev/tools/linter-rules/unnecessary_string_interpolations.html]
[dart.dev/tools/linter-rules/unnecessary_to_list_in_spreads.html]
[dart.dev/tools/linter-rules/unreachable_from_main.html]
[dart.dev/tools/linter-rules/unrelated_type_equality_checks.html]
[dart.dev/tools/linter-rules/unsafe_html.html]
[dart.dev/tools/linter-rules/unsafe_variance.html]
[dart.dev/tools/linter-rules/use_build_context_synchronously.html]
[dart.dev/tools/linter-rules/use_colored_box.html]
[dart.dev/tools/linter-rules/use_decorated_box.html]
[dart.dev/tools/linter-rules/use_enums.html]
[dart.dev/tools/linter-rules/use_full_hex_values_for_flutter_colors.html]
[dart.dev/tools/linter-rules/use_if_null_to_convert_nulls_to_bools.html]
[dart.dev/tools/linter-rules/use_is_even_rather_than_modulo.html]
[dart.dev/tools/linter-rules/use_key_in_widget_constructors.html]
[dart.dev/tools/linter-rules/use_late_for_private_fields_and_variables.html]
[dart.dev/tools/linter-rules/use_named_constants.html]
[dart.dev/tools/linter-rules/use_raw_strings.html]
[dart.dev/tools/linter-rules/use_string_buffers.html]
[dart.dev/tools/linter-rules/use_super_parameters.html]
[dart.dev/tools/linter-rules/use_test_throws_matchers.html]
[dart.dev/tools/linter-rules/use_truncating_division.html]
[dart.dev/tools/linter-rules/valid_regexps.html]
[dart.dev/tools/linter-rules/void_checks.html]
[dart.dev/tools/linter-rules.html]
[dart.dev/tools/diagnostic-messages.html]
[dart.dev/guides/testing.html]
[dart.dev/tools/diagnostic-messages4098.html]
[dart.dev/assets/img/dart-devtools-screenshot.png]
[dart.dev/assets/img/ff-debug.png]
[dart.dev/web/debugging.html]
[dart.dev/resources/dart-cheatsheet.html]
[dart.dev/resources/breaking-changes.html]
[dart.dev/resources/language/evolution.html]
[dart.dev/resources/language/spec.html]
[dart.dev/resources/dart-3-migration.html]
[dart.dev/assets/img/guides/number-classes.png]
[dart.dev/resources/coming-from/js-to-dart.html]
[dart.dev/resources/coming-from/swift-to-dart.html]
[dart.dev/resources/faq.html]
[dart.dev/resources/glossary.html]
[dart.dev/resources/language/spec/versions/DartLangSpec-v2.10.pdf]
[dart.dev/assets/img/cover/dart-apprentice-fundamentals.webp]
[dart.dev/assets/img/cover/dart-apprentice-beyond-the-basics.webp]
[dart.dev/assets/img/cover/data-structures-algorithms-dart.webp]
[dart.dev/assets/img/cover/art-of-dart.webp]
[dart.dev/assets/img/cover/o-guia-de-dart.webp]
[dart.dev/resources/books.html]
[dart.dev/resources/videos.html]
[dart.dev/assets/img/cover/basics-dart.webp]
[dart.dev/tutorials.html]
[dart.dev/assets/img/social/github.svg]
[dart.dev/assets/dash/svg/1-1-async-await.svg]
[dart.dev/assets/dash/svg/1-2-language-optimized.svg]
[dart.dev/assets/dash/svg/1-3-familiar-syntax.svg]
[dart.dev/assets/dash/svg/2-1-hot-reload-iterative-changes.svg]
[dart.dev/assets/dash/svg/2-2-flexible-type.svg]
[dart.dev/assets/dash/svg/2-3-runtime-insight.svg]
[dart.dev/assets/dash/svg/3-1-aot-compile.svg]
[dart.dev/assets/dash/svg/3-2-target-web.svg]
[dart.dev/assets/dash/svg/3-3-backend-code.svg]
[dart.dev/assets/img/social/medium.svg]
[dart.dev/assets/img/social/x.svg]
[dart.dev/brand.html]
[dart.dev/terms.html]
[dart.dev/security.html]
[dart.dev/assets/img/Dart-platforms.svg]
[dart.dev/language/macros.html]
[dart.dev/tools/dart2js.html]
[dart.dev/tools/dartdevc.html]
[dart.dev/resources/dart-team-packages.html]
[dart.dev/resources/whats-new.html]
[dart.dev/community/code-of-conduct.html]
[dart.dev/get-dart/archive.html]
[dart.dev/assets/js/get-dart/download_archive.dart.js]
[dart.dev/tools/linter-rules/provide_deprecation_message.html]
[dart.dev/tools/linter-rules/annotate_redeclares.html]
[dart.dev/tools/linter-rules/unawaited_futures.html]
[dart.dev/tools/linter-rules/discarded_futures.html]
[dart.dev/tools/linter-rules/unnecessary_getters_setters.html]
[dart.dev/tools/linter-rules/camel_case_types.html]
[dart.dev/tools/linter-rules/camel_case_extensions.html]
[dart.dev/tools/linter-rules/file_names.html]
[dart.dev/tools/linter-rules/package_names.html]
[dart.dev/tools/linter-rules/library_prefixes.html]
[dart.dev/tools/linter-rules/non_constant_identifier_names.html]
[dart.dev/tools/linter-rules/constant_identifier_names.html]
[dart.dev/tools/linter-rules/directives_ordering.html]
[dart.dev/tools/linter-rules/lines_longer_than_80_chars.html]
[dart.dev/tools/linter-rules/curly_braces_in_flow_control_structures.html]
[dart.dev/tools/linter-rules/slash_for_doc_comments.html]
[dart.dev/tools/linter-rules/public_member_api_docs.html]
[dart.dev/tools/linter-rules/comment_references.html]
[dart.dev/tools/linter-rules/use_string_in_part_of_directives.html]
[dart.dev/tools/linter-rules/implementation_imports.html]
[dart.dev/tools/linter-rules/avoid_relative_lib_imports.html]
[dart.dev/tools/linter-rules/prefer_relative_imports.html]
[dart.dev/tools/linter-rules/avoid_init_to_null.html]
[dart.dev/tools/linter-rules/prefer_adjacent_string_concatenation.html]
[dart.dev/tools/linter-rules/prefer_interpolation_to_compose_strings.html]
[dart.dev/tools/linter-rules/unnecessary_brace_in_string_interps.html]
[dart.dev/tools/linter-rules/prefer_collection_literals.html]
[dart.dev/tools/linter-rules/prefer_is_empty.html]
[dart.dev/tools/linter-rules/prefer_is_not_empty.html]
[dart.dev/tools/linter-rules/avoid_function_literals_in_foreach_calls.html]
[dart.dev/tools/linter-rules/prefer_iterable_whereType.html]
[dart.dev/tools/linter-rules/prefer_function_declarations_over_variables.html]
[dart.dev/tools/linter-rules/unnecessary_lambdas.html]
[dart.dev/tools/linter-rules/prefer_expression_function_bodies.html]
[dart.dev/tools/linter-rules/unnecessary_this.html]
[dart.dev/tools/linter-rules/prefer_initializing_formals.html]
[dart.dev/tools/linter-rules/empty_constructor_bodies.html]
[dart.dev/tools/linter-rules/unnecessary_new.html]
[dart.dev/tools/linter-rules/unnecessary_const.html]
[dart.dev/tools/linter-rules/avoid_catches_without_on_clauses.html]
[dart.dev/tools/linter-rules/avoid_catching_errors.html]
[dart.dev/tools/linter-rules/use_rethrow_when_possible.html]
[dart.dev/tools/linter-rules/use_to_and_as_if_applicable.html]
[dart.dev/tools/linter-rules/one_member_abstracts.html]
[dart.dev/tools/linter-rules/avoid_classes_with_only_static_members.html]
[dart.dev/tools/linter-rules/prefer_mixin.html]
[dart.dev/tools/linter-rules/prefer_final_fields.html]
[dart.dev/tools/linter-rules/use_setters_to_change_properties.html]
[dart.dev/tools/linter-rules/avoid_setters_without_getters.html]
[dart.dev/tools/linter-rules/avoid_returning_this.html]
[dart.dev/tools/linter-rules/prefer_typing_uninitialized_variables.html]
[dart.dev/tools/linter-rules/type_annotate_public_apis.html]
[dart.dev/tools/linter-rules/omit_local_variable_types.html]
[dart.dev/tools/linter-rules/avoid_types_on_closure_parameters.html]
[dart.dev/tools/linter-rules/type_init_formals.html]
[dart.dev/tools/linter-rules/avoid_return_types_on_setters.html]
[dart.dev/tools/linter-rules/prefer_generic_function_type_aliases.html]
[dart.dev/tools/linter-rules/avoid_private_typedef_functions.html]
[dart.dev/tools/linter-rules/use_function_type_syntax_for_parameters.html]
[dart.dev/tools/linter-rules/avoid_positional_boolean_parameters.html]
[dart.dev/tools/linter-rules/hash_and_equals.html]
[dart.dev/tools/linter-rules/avoid_equals_and_hash_code_on_mutable_classes.html]
[dart.dev/tools/linter-rules/avoid_null_checks_in_equality_operators.html]
[dart.dev/tools/pub/cmd/pub-get.html]
[dart.dev/tools/pub/cmd/pub-upgrade.html]
[dart.dev/tools/pub/cmd/pub-outdated.html]
[dart.dev/tools/pub/cmd/pub-add.html]
[dart.dev/tools/pub/cmd/pub-cache.html]
[dart.dev/tools/pub/cmd/pub-deps.html]
[dart.dev/tools/pub/cmd/pub-downgrade.html]
[dart.dev/tools/pub/cmd/pub-global.html]
[dart.dev/tools/pub/cmd/pub-lish.html]
[dart.dev/tools/pub/cmd/pub-remove.html]
[dart.dev/tools/pub/cmd/pub-token.html]
[dart.dev/tools/pub/cmd/pub-unpack.html]
[dart.dev/assets/img/verified-publisher.svg]
[dart.dev/assets/img/tools/pub/pub-dev-gh-setup.png]
[dart.dev/assets/img/tools/pub/audit-log-pub-gh.png]
[dart.dev/assets/img/tools/pub/pub-dev-gh-env-setup.png]
[dart.dev/assets/img/tools/pub/gh-pending-review.png]
[dart.dev/assets/img/tools/pub/pub-dev-gcb-config.png]
[dart.dev/assets/img/tools/pub/gcb-trigger-configuration.png]
[dart.dev/assets/img/tools/pub/gcb-approval-checkbox.png]
[dart.dev/tools/pub/automated-publishing.html]
[dart.dev/assets/img/tools/cloudsmith.svg]
[dart.dev/assets/img/tools/proget.svg]
[dart.dev/assets/img/tools/jfrog.svg]
[dart.dev/assets/img/tools/onepub.svg]
[dart.dev/assets/img/number-class-hierarchy.svg]
[dart.dev/assets/img/number-platform-specific.svg]
[dart.dev/tutorials/server.html]
[dart.dev/assets/img/tutorials/server/dcat-dart-run.svg]
[dart.dev/interop/js-interop/index.html]
[dart.dev/interop/js-interop/package-web/index.html]
[dart.dev/interop/js-interop/past-js-interop/index.html]
[dart.dev/interop/js-interop/mock.html]
[dart.dev/assets/img/tools/pub/gcp-waiting-for-approval.png]
[dart.dev/libraries/async/(https_/api.dart.dev/dart-async/dart-async-library.html)]
[dart.dev/libraries/async/(https_/api.dart.dev/dart-async/runZoned.html)]
[dart.dev/libraries/async/(https_/api.dart.dev/dart-async/runZonedGuarded.html)]
[dart.dev/assets/img/articles/zones/trace.png]
[dart.dev/libraries/async/zones.html]
[dart.dev/assets/img/tools/android_studio.svg]
[dart.dev/assets/img/tools/intellij-idea.svg]
[dart.dev/assets/img/tools/vscode.svg]
[dart.dev/tools/linter-rules/sort_pub_dependencies.html]
[dart.dev/tools/linter-rules/all.html]
[dart.dev/tools/linter-rules/always_declare_return_types.html]
[dart.dev/assets/img/tools/linter/has-fix.svg]
[dart.dev/tools/linter-rules/always_put_control_body_on_new_line.html]
[dart.dev/tools/linter-rules/always_put_required_named_parameters_first.html]
[dart.dev/tools/linter-rules/always_require_non_null_named_parameters.html]
[dart.dev/tools/linter-rules/always_specify_types.html]
[dart.dev/tools/linter-rules/always_use_package_imports.html]
[dart.dev/tools/linter-rules/annotate_overrides.html]
[dart.dev/assets/img/tools/linter/style-recommended.svg]
[dart.dev/assets/img/tools/linter/style-flutter.svg]
[dart.dev/tools/linter-rules/avoid_annotating_with_dynamic.html]
[dart.dev/tools/linter-rules/avoid_as.html]
[dart.dev/tools/linter-rules/avoid_bool_literals_in_conditional_expressions.html]
[dart.dev/tools/linter-rules/avoid_double_and_int_checks.html]
[dart.dev/tools/linter-rules/avoid_dynamic_calls.html]
[dart.dev/tools/linter-rules/avoid_empty_else.html]
[dart.dev/assets/img/tools/linter/style-core.svg]
[dart.dev/tools/linter-rules/avoid_escaping_inner_quotes.html]
[dart.dev/tools/linter-rules/avoid_field_initializers_in_const_classes.html]
[dart.dev/tools/linter-rules/avoid_final_parameters.html]
[dart.dev/tools/linter-rules/avoid_futureor_void.html]
[dart.dev/tools/linter-rules/avoid_implementing_value_types.html]
[dart.dev/tools/linter-rules/avoid_js_rounded_ints.html]
[dart.dev/tools/linter-rules/avoid_multiple_declarations_per_line.html]
[dart.dev/tools/linter-rules/avoid_print.html]
[dart.dev/tools/linter-rules/avoid_redundant_argument_values.html]
[dart.dev/tools/linter-rules/avoid_renaming_method_parameters.html]
[dart.dev/tools/linter-rules/avoid_returning_null.html]
[dart.dev/tools/linter-rules/avoid_returning_null_for_future.html]
[dart.dev/tools/linter-rules/avoid_returning_null_for_void.html]
[dart.dev/tools/linter-rules/avoid_shadowing_type_parameters.html]
[dart.dev/tools/linter-rules/avoid_single_cascade_in_expression_statements.html]
[dart.dev/tools/linter-rules/avoid_slow_async_io.html]
[dart.dev/tools/linter-rules/avoid_type_to_string.html]
[dart.dev/tools/linter-rules/avoid_types_as_parameter_names.html]
[dart.dev/tools/linter-rules/avoid_unnecessary_containers.html]
[dart.dev/tools/linter-rules/avoid_unstable_final_fields.html]
[dart.dev/tools/linter-rules/avoid_unused_constructor_parameters.html]
[dart.dev/tools/linter-rules/avoid_void_async.html]
[dart.dev/tools/linter-rules/avoid_web_libraries_in_flutter.html]
[dart.dev/tools/linter-rules/await_only_futures.html]
[dart.dev/tools/linter-rules/cancel_subscriptions.html]
[dart.dev/tools/linter-rules/cascade_invocations.html]
[dart.dev/tools/linter-rules/cast_nullable_to_non_nullable.html]
[dart.dev/tools/linter-rules/close_sinks.html]
[dart.dev/tools/linter-rules/collection_methods_unrelated_type.html]
[dart.dev/tools/linter-rules/combinators_ordering.html]
[dart.dev/tools/linter-rules/conditional_uri_does_not_exist.html]
[dart.dev/tools/linter-rules/control_flow_in_finally.html]
[dart.dev/tools/linter-rules/dangling_library_doc_comments.html]
[dart.dev/tools/linter-rules/depend_on_referenced_packages.html]
[dart.dev/tools/linter-rules/deprecated_consistency.html]
[dart.dev/tools/linter-rules/deprecated_member_use_from_same_package.html]
[dart.dev/tools/linter-rules/diagnostic_describe_all_properties.html]
[dart.dev/tools/linter-rules/do_not_use_environment.html]
[dart.dev/tools/linter-rules/document_ignores.html]
[dart.dev/tools/linter-rules/empty_catches.html]
[dart.dev/tools/linter-rules/empty_statements.html]
[dart.dev/tools/linter-rules/enable_null_safety.html]
[dart.dev/tools/linter-rules/eol_at_end_of_file.html]
[dart.dev/tools/linter-rules/exhaustive_cases.html]
[dart.dev/tools/linter-rules/flutter_style_todos.html]
[dart.dev/tools/linter-rules/implicit_call_tearoffs.html]
[dart.dev/tools/linter-rules/implicit_reopen.html]
[dart.dev/tools/linter-rules/invalid_case_patterns.html]
[dart.dev/tools/linter-rules/invalid_runtime_check_with_js_interop_types.html]
[dart.dev/tools/linter-rules/invariant_booleans.html]
[dart.dev/tools/linter-rules/iterable_contains_unrelated_type.html]
[dart.dev/tools/linter-rules/join_return_with_assignment.html]
[dart.dev/tools/linter-rules/leading_newlines_in_multiline_strings.html]
[dart.dev/tools/linter-rules/library_annotations.html]
[dart.dev/tools/linter-rules/library_names.html]
[dart.dev/tools/linter-rules/library_private_types_in_public_api.html]
[dart.dev/tools/linter-rules/list_remove_unrelated_type.html]
[dart.dev/tools/linter-rules/literal_only_boolean_expressions.html]
[dart.dev/tools/linter-rules/matching_super_parameters.html]
[dart.dev/tools/linter-rules/missing_code_block_language_in_doc_comment.html]
[dart.dev/tools/linter-rules/missing_whitespace_between_adjacent_strings.html]
[dart.dev/tools/linter-rules/no_adjacent_strings_in_list.html]
[dart.dev/tools/linter-rules/no_default_cases.html]
[dart.dev/tools/linter-rules/no_duplicate_case_values.html]
[dart.dev/tools/linter-rules/no_leading_underscores_for_library_prefixes.html]
[dart.dev/tools/linter-rules/no_leading_underscores_for_local_identifiers.html]
[dart.dev/tools/linter-rules/no_literal_bool_comparisons.html]
[dart.dev/tools/linter-rules/no_logic_in_create_state.html]
[dart.dev/tools/linter-rules/no_runtimeType_toString.html]
[dart.dev/tools/linter-rules/no_self_assignments.html]
[dart.dev/tools/linter-rules/no_wildcard_variable_uses.html]
[dart.dev/tools/linter-rules/noop_primitive_operations.html]
[dart.dev/tools/linter-rules/null_check_on_nullable_type_parameter.html]
[dart.dev/tools/linter-rules/null_closures.html]
[dart.dev/tools/linter-rules/omit_obvious_local_variable_types.html]
[dart.dev/tools/linter-rules/omit_obvious_property_types.html]
[dart.dev/tools/linter-rules/only_throw_errors.html]
[dart.dev/tools/linter-rules/overridden_fields.html]
[dart.dev/tools/linter-rules/package_api_docs.html]
[dart.dev/tools/linter-rules/package_prefixed_library_names.html]
[dart.dev/tools/linter-rules/parameter_assignments.html]
[dart.dev/tools/linter-rules/prefer_asserts_in_initializer_lists.html]
[dart.dev/tools/linter-rules/prefer_asserts_with_message.html]
[dart.dev/tools/linter-rules/prefer_bool_in_asserts.html]
[dart.dev/tools/linter-rules/prefer_conditional_assignment.html]
[dart.dev/tools/linter-rules/prefer_const_constructors.html]
[dart.dev/tools/linter-rules/prefer_const_constructors_in_immutables.html]
[dart.dev/tools/linter-rules/prefer_const_declarations.html]
[dart.dev/tools/linter-rules/prefer_const_literals_to_create_immutables.html]
[dart.dev/tools/linter-rules/prefer_constructors_over_static_methods.html]
[dart.dev/tools/linter-rules/prefer_contains.html]
[dart.dev/tools/linter-rules/prefer_double_quotes.html]
[dart.dev/tools/linter-rules/prefer_equal_for_default_values.html]
[dart.dev/tools/linter-rules/prefer_final_in_for_each.html]
[dart.dev/tools/linter-rules/prefer_final_locals.html]
[dart.dev/tools/linter-rules/prefer_final_parameters.html]
[dart.dev/tools/linter-rules/prefer_for_elements_to_map_fromIterable.html]
[dart.dev/tools/linter-rules/prefer_foreach.html]
[dart.dev/tools/linter-rules/prefer_if_elements_to_conditional_expressions.html]
[dart.dev/tools/linter-rules/prefer_if_null_operators.html]
[dart.dev/tools/linter-rules/prefer_inlined_adds.html]
[dart.dev/tools/linter-rules/prefer_int_literals.html]
[dart.dev/tools/linter-rules/prefer_is_not_operator.html]
[dart.dev/tools/linter-rules/prefer_null_aware_method_calls.html]
[dart.dev/tools/linter-rules/prefer_null_aware_operators.html]
[dart.dev/tools/linter-rules/prefer_single_quotes.html]
[dart.dev/tools/linter-rules/prefer_spread_collections.html]
[dart.dev/tools/linter-rules/prefer_void_to_null.html]
[dart.dev/tools/linter-rules/recursive_getters.html]
[dart.dev/tools/linter-rules/require_trailing_commas.html]
[dart.dev/tools/linter-rules/secure_pubspec_urls.html]
[dart.dev/tools/linter-rules/sized_box_for_whitespace.html]
[dart.dev/tools/linter-rules/sized_box_shrink_expand.html]
[dart.dev/tools/linter-rules/sort_child_properties_last.html]
[dart.dev/tools/linter-rules/sort_constructors_first.html]
[dart.dev/tools/linter-rules/sort_unnamed_constructors_first.html]
[dart.dev/tools/linter-rules/specify_nonobvious_local_variable_types.html]
[dart.dev/tools/linter-rules/specify_nonobvious_property_types.html]
[dart.dev/tools/linter-rules/super_goes_last.html]
[dart.dev/tools/linter-rules/test_types_in_equals.html]
[dart.dev/tools/linter-rules/throw_in_finally.html]
[dart.dev/tools/linter-rules/tighten_type_of_initializing_formals.html]
[dart.dev/tools/linter-rules/type_literal_in_constant_pattern.html]
[dart.dev/tools/linter-rules/unintended_html_in_doc_comment.html]
[dart.dev/tools/linter-rules/unnecessary_await_in_return.html]
[dart.dev/tools/linter-rules/unnecessary_breaks.html]
[dart.dev/tools/linter-rules/unnecessary_constructor_name.html]
[dart.dev/tools/linter-rules/unnecessary_final.html]
[dart.dev/tools/linter-rules/unnecessary_late.html]
[dart.dev/tools/linter-rules/unnecessary_library_directive.html]
[dart.dev/tools/linter-rules/unnecessary_library_name.html]
[dart.dev/tools/linter-rules/unnecessary_null_aware_assignments.html]
[dart.dev/tools/linter-rules/unnecessary_null_aware_operator_on_extension_on_nullable.html]
[dart.dev/tools/linter-rules/unnecessary_null_checks.html]
[dart.dev/tools/linter-rules/unnecessary_null_in_if_null_operators.html]
[dart.dev/tools/linter-rules/unnecessary_nullable_for_final_variable_declarations.html]
[dart.dev/tools/linter-rules/unnecessary_overrides.html]
[dart.dev/tools/linter-rules/unnecessary_parenthesis.html]
[dart.dev/tools/linter-rules/unnecessary_raw_strings.html]
[dart.dev/tools/linter-rules/unnecessary_statements.html]
[dart.dev/tools/linter-rules/unnecessary_string_escapes.html]
[dart.dev/tools/linter-rules/unnecessary_string_interpolations.html]
[dart.dev/tools/linter-rules/unnecessary_to_list_in_spreads.html]
[dart.dev/tools/linter-rules/unreachable_from_main.html]
[dart.dev/tools/linter-rules/unrelated_type_equality_checks.html]
[dart.dev/tools/linter-rules/unsafe_html.html]
[dart.dev/tools/linter-rules/unsafe_variance.html]
[dart.dev/tools/linter-rules/use_build_context_synchronously.html]
[dart.dev/tools/linter-rules/use_colored_box.html]
[dart.dev/tools/linter-rules/use_decorated_box.html]
[dart.dev/tools/linter-rules/use_enums.html]
[dart.dev/tools/linter-rules/use_full_hex_values_for_flutter_colors.html]
[dart.dev/tools/linter-rules/use_if_null_to_convert_nulls_to_bools.html]
[dart.dev/tools/linter-rules/use_is_even_rather_than_modulo.html]
[dart.dev/tools/linter-rules/use_key_in_widget_constructors.html]
[dart.dev/tools/linter-rules/use_late_for_private_fields_and_variables.html]
[dart.dev/tools/linter-rules/use_named_constants.html]
[dart.dev/tools/linter-rules/use_raw_strings.html]
[dart.dev/tools/linter-rules/use_string_buffers.html]
[dart.dev/tools/linter-rules/use_super_parameters.html]
[dart.dev/tools/linter-rules/use_test_throws_matchers.html]
[dart.dev/tools/linter-rules/use_truncating_division.html]
[dart.dev/tools/linter-rules/valid_regexps.html]
[dart.dev/tools/linter-rules/void_checks.html]
[dart.dev/tools/diagnostic-messages4098.html]
[dart.dev/resources/dart-3-migration/index.html]
[dart.dev/tools/index.html]
[dart.dev/brand.html]
[dart.dev/language/macros.html]
[dart.dev/language/constructors/index.html]
[dart.dev/effective-dart/usage/index.html]
[dart.dev/web/libraries/index.html]
[dart.dev/language/records/index.html]
[dart.dev/language/patterns/index.html]
[dart.dev/language/operators/index.html]
[dart.dev/language/pattern-types/index.html]
[dart.dev/interop/js-interop/js-types/index.html]
[dart.dev/tools/linter-rules/index.html]
[dart.dev/tools/diagnostic-messages/index.html]
[dart.dev/tools/dart2js.html]
[dart.dev/tools/dartdevc.html]
[dart.dev/resources/dart-team-packages.html]
[dart.dev/libraries/async/(https_/api.dart.dev/dart-async/dart-async-library.html]
[dart.dev/libraries/async/(https_/api.dart.dev/dart-async/runZoned.html]
[dart.dev/libraries/async/(https_/api.dart.dev/dart-async/runZonedGuarded.html]
[dart.dev/assets/img/language/macro-augmentation.gif]
